---jump----- 900 oo 
---dust----- 900 oo 
--study----- 900 oo 
---cut------ 900 oo 
---luck----- 900 oo 
---judge---- 900 oo 
---jug------ 900 oo 
---but------ 900 oo 
---lump----- 900 oo 
---lunch---- 900 oo 
---curry---- 900 oo 
---bus------ 900 oo 
---culture-- 900 oo 
---cup------ 900 oo 
---duct----- 900 oo 
---dud------ 900 oo 
---dull----- 900 oo 
---fund----- 900 oo 
---fun------ 900 oo 
---fuss----- 900 oo 
---gun------ 900 oo 
---gulf----- 900 oo 
---gullet--- 900 oo 
---gunny---- 900 oo 
---hug------ 900 oo 
---huff----- 900 oo 
---hungry--- 900 oo 
---hunter--- 900 oo 
---husband-- 900 oo 
---lumber--- 900 oo 
---lung----- 900 oo 
---luxury--- 900 oo 
---mug------ 900 oo 
---mud------ 900 oo 
---much----- 900 oo 
---number--- 900 oo 
---public--- 900 oo 
---pulp----- 900 oo 
---punch---- 900 oo 
---punish--- 900 oo 
---rubber--- 900 oo 
---run------ 900 oo 
---rumpus--- 900 oo 
---subject-- 900 oo 
---such----- 900 oo 
---sudden--- 900 oo 
---sump----- 900 oo 
---summit--- 900 oo 
--trudge---- 900 oo 
---vulture-- 900 oo 
---turtle--- 090 oo 
---cursor--- 090 oo 
---currency- 090 oo 
---nurse---- 090 oo 
-occur------ 090 oo 
---purse---- 090 oo 
---hurry---- 090 oo 
---furniture 090 oo 
---further-- 090 oo 
---furthest- 090 oo 
---burn----- 090 oo 
-z--urnish-- 090 oo 
---furnace-- 090 oo 
---burst---- 090 oo 
---murk----- 090 oo 
---purple--- 090 oo 
---curve---- 090 oo 
---turban--- 090 oo 
---turn----- 090 oo 
---fur------ 090 oo 
---curtain-- 090 oo 
-return----- 090 oo 
---turf----- 090 oo 
---purpose-- 090 oo 
---hurt----- 090 oo 
---curse---- 090 oo 
---surface-- 090 oo 
---purgatory 090 oo 
--spur------ 090 oo 
---surgery-- 090 oo 
---burden--- 090 oo 
---burger--- 090 oo 
---burl----- 090 oo 
---burly---- 090 oo 
---surge---- 090 oo 
---curb----- 090 oo 
---curd----- 090 oo 
---curl----- 090 oo 
---current-- 090 oo 
---furry---- 090 oo 
---gurgle--- 090 oo 
---hurl----- 090 oo 
---lurch---- 090 oo 
---lure----- 090 oo 
---lurk----- 090 oo 
---murder--- 090 oo 
---purchase- 090 oo 
---purge---- 090 oo 
---murky---- 090 oo 
---murmur--- 090 oo 
-beauty----- 009 oo 
-group------ 009 oo 
--soup------ 009 oo 
---cute----- 009 oo 
--you------- 009 oo 
---due------ 009 oo 
--fruit----- 009 oo 
--blue------ 009 oo 
---tuner---- 009 oo 
---nude----- 009 oo 
---june----- 009 oo 
---junior--- 009 oo 
--bluer----- 009 oo 
--bluest---- 009 oo 
commute----- 009 oo 
community--- 009 oo 
commuter---- 009 oo 
confuse----- 009 oo 
confusion--- 009 oo 
---cube----- 009 oo 
untrue------ 009 oo 
---duet----- 009 oo 
---duty----- 009 oo 
enthusiasm-- 009 oo 
-excuse----- 009 oo 
--fluently-- 009 oo 
--flu------- 009 oo 
--fluid----- 009 oo 
--fluent---- 009 oo 
--glue------ 009 oo 
--gnu------- 009 oo 
---human---- 009 oo 
---huge----- 009 oo 
---humor---- 009 oo 
---humid---- 009 oo 
---juice---- 009 oo 
---mule----- 009 oo 
---music---- 009 oo 
---museum--- 009 oo 
---nuclear-- 009 oo 
---nuisance- 009 oo 
---pupil---- 009 oo 
--student--- 009 oo 
---suit----- 009 oo 
---suicide-- 009 oo 
--true------ 009 oo 
--truth----- 009 oo 
--wound----- 009 oo 
virtue------ 009 oo 
---numeral-- 009 oo 
words : 150  correct answers : 150  ratio : 100.00